[2026-02-11T00:17:13.347+0100][info][gc,init] CardTable entry size: 512
[2026-02-11T00:17:13.347+0100][info][gc     ] Using G1
[2026-02-11T00:17:13.350+0100][info][gc,init] Version: 25.0.2+10-LTS (release)
[2026-02-11T00:17:13.350+0100][info][gc,init] CPUs: 8 total, 8 available
[2026-02-11T00:17:13.350+0100][info][gc,init] Memory: 24576M
[2026-02-11T00:17:13.350+0100][info][gc,init] Large Page Support: Disabled
[2026-02-11T00:17:13.350+0100][info][gc,init] NUMA Support: Disabled
[2026-02-11T00:17:13.350+0100][info][gc,init] Compressed Oops: Enabled (Zero based)
[2026-02-11T00:17:13.350+0100][info][gc,init] Heap Region Size: 1M
[2026-02-11T00:17:13.350+0100][info][gc,init] Heap Min Capacity: 2G
[2026-02-11T00:17:13.350+0100][info][gc,init] Heap Initial Capacity: 2G
[2026-02-11T00:17:13.350+0100][info][gc,init] Heap Max Capacity: 2G
[2026-02-11T00:17:13.350+0100][info][gc,init] Pre-touch: Disabled
[2026-02-11T00:17:13.350+0100][info][gc,init] Parallel Workers: 8
[2026-02-11T00:17:13.350+0100][info][gc,init] Concurrent Workers: 2
[2026-02-11T00:17:13.350+0100][info][gc,init] Concurrent Refinement Workers: 8
[2026-02-11T00:17:13.350+0100][info][gc,init] Periodic GC: Disabled
[2026-02-11T00:17:13.353+0100][info][gc,metaspace] CDS archive(s) mapped at: [0x000003fc00000000-0x000003fc00d94000-0x000003fc00d94000), size 14237696, SharedBaseAddress: 0x000003fc00000000, ArchiveRelocationMode: 1.
[2026-02-11T00:17:13.353+0100][info][gc,metaspace] Compressed class space mapped at: 0x000003fc01000000-0x000003fc41000000, reserved size: 1073741824
[2026-02-11T00:17:13.353+0100][info][gc,metaspace] UseCompressedClassPointers 1, UseCompactObjectHeaders 0
[2026-02-11T00:17:13.353+0100][info][gc,metaspace] Narrow klass pointer bits 32, Max shift 3
[2026-02-11T00:17:13.353+0100][info][gc,metaspace] Narrow klass base: 0x000003fc00000000, Narrow klass shift: 0
[2026-02-11T00:17:13.353+0100][info][gc,metaspace] Encoding Range: [0x000003fc00000000 - 0x000003fd00000000), (4294967296 bytes)
[2026-02-11T00:17:13.353+0100][info][gc,metaspace] Klass Range:    [0x000003fc00004000 - 0x000003fc41000000), (1090502656 bytes)
[2026-02-11T00:17:13.353+0100][info][gc,metaspace] Klass ID Range:  [16384 - 1090519033) (1090502649)
[2026-02-11T00:17:13.353+0100][info][gc,metaspace] Protection zone: [0x000003fc00000000 - 0x000003fc00004000), (16384 bytes)
[2026-02-11T00:17:25.230+0100][info][gc,start    ] GC(0) Pause Young (Normal) (G1 Evacuation Pause)
[2026-02-11T00:17:25.230+0100][info][gc,task     ] GC(0) Using 8 workers of 8 for evacuation
[2026-02-11T00:17:25.240+0100][info][gc,phases   ] GC(0)   Pre Evacuate Collection Set: 0.19ms
[2026-02-11T00:17:25.240+0100][info][gc,phases   ] GC(0)   Merge Heap Roots: 2.77ms
[2026-02-11T00:17:25.240+0100][info][gc,phases   ] GC(0)   Evacuate Collection Set: 6.21ms
[2026-02-11T00:17:25.240+0100][info][gc,phases   ] GC(0)   Post Evacuate Collection Set: 0.35ms
[2026-02-11T00:17:25.240+0100][info][gc,phases   ] GC(0)   Other: 0.58ms
[2026-02-11T00:17:25.240+0100][info][gc,heap     ] GC(0) Eden regions: 102->0(325)
[2026-02-11T00:17:25.240+0100][info][gc,heap     ] GC(0) Survivor regions: 0->13(13)
[2026-02-11T00:17:25.240+0100][info][gc,heap     ] GC(0) Old regions: 2->4
[2026-02-11T00:17:25.240+0100][info][gc,heap     ] GC(0) Humongous regions: 768->768
[2026-02-11T00:17:25.240+0100][info][gc,metaspace] GC(0) Metaspace: 3922K(4096K)->3922K(4096K) NonClass: 3494K(3584K)->3494K(3584K) Class: 428K(512K)->428K(512K)
[2026-02-11T00:17:25.240+0100][info][gc          ] GC(0) Pause Young (Normal) (G1 Evacuation Pause) 871M->783M(2048M) 10.635ms
[2026-02-11T00:17:25.240+0100][info][gc,cpu      ] GC(0) User=0.05s Sys=0.01s Real=0.01s
[2026-02-11T00:17:25.986+0100][info][gc,start    ] GC(1) Pause Young (Concurrent Start) (G1 Humongous Allocation)
[2026-02-11T00:17:25.986+0100][info][gc,task     ] GC(1) Using 8 workers of 8 for evacuation
[2026-02-11T00:17:25.990+0100][info][gc,phases   ] GC(1)   Pre Evacuate Collection Set: 0.37ms
[2026-02-11T00:17:25.990+0100][info][gc,phases   ] GC(1)   Merge Heap Roots: 0.08ms
[2026-02-11T00:17:25.990+0100][info][gc,phases   ] GC(1)   Evacuate Collection Set: 2.97ms
[2026-02-11T00:17:25.990+0100][info][gc,phases   ] GC(1)   Post Evacuate Collection Set: 0.30ms
[2026-02-11T00:17:25.990+0100][info][gc,phases   ] GC(1)   Other: 0.11ms
[2026-02-11T00:17:25.990+0100][info][gc,heap     ] GC(1) Eden regions: 24->0(577)
[2026-02-11T00:17:25.990+0100][info][gc,heap     ] GC(1) Survivor regions: 13->10(46)
[2026-02-11T00:17:25.990+0100][info][gc,heap     ] GC(1) Old regions: 4->4
[2026-02-11T00:17:25.990+0100][info][gc,heap     ] GC(1) Humongous regions: 768->768
[2026-02-11T00:17:25.990+0100][info][gc,metaspace] GC(1) Metaspace: 4003K(4160K)->4003K(4160K) NonClass: 3565K(3648K)->3565K(3648K) Class: 437K(512K)->437K(512K)
[2026-02-11T00:17:25.990+0100][info][gc          ] GC(1) Pause Young (Concurrent Start) (G1 Humongous Allocation) 806M->780M(2048M) 4.149ms
[2026-02-11T00:17:25.990+0100][info][gc,cpu      ] GC(1) User=0.02s Sys=0.00s Real=0.01s
[2026-02-11T00:17:25.990+0100][info][gc          ] GC(2) Concurrent Undo Cycle
[2026-02-11T00:17:25.990+0100][info][gc,marking  ] GC(2) Concurrent Clear Claimed Marks
[2026-02-11T00:17:25.990+0100][info][gc,marking  ] GC(2) Concurrent Clear Claimed Marks 0.033ms
[2026-02-11T00:17:25.990+0100][info][gc,marking  ] GC(2) Concurrent Cleanup for Next Mark
[2026-02-11T00:17:25.991+0100][info][gc,marking  ] GC(2) Concurrent Cleanup for Next Mark 0.057ms
[2026-02-11T00:17:25.991+0100][info][gc          ] GC(2) Concurrent Undo Cycle 0.202ms
[2026-02-11T00:17:29.512+0100][info][gc,start    ] GC(3) Pause Young (Concurrent Start) (G1 Humongous Allocation)
[2026-02-11T00:17:29.513+0100][info][gc,task     ] GC(3) Using 8 workers of 8 for evacuation
[2026-02-11T00:17:29.519+0100][info][gc,phases   ] GC(3)   Pre Evacuate Collection Set: 0.32ms
[2026-02-11T00:17:29.519+0100][info][gc,phases   ] GC(3)   Merge Heap Roots: 2.69ms
[2026-02-11T00:17:29.519+0100][info][gc,phases   ] GC(3)   Evacuate Collection Set: 2.66ms
[2026-02-11T00:17:29.519+0100][info][gc,phases   ] GC(3)   Post Evacuate Collection Set: 0.30ms
[2026-02-11T00:17:29.519+0100][info][gc,phases   ] GC(3)   Other: 0.10ms
[2026-02-11T00:17:29.519+0100][info][gc,heap     ] GC(3) Eden regions: 96->0(557)
[2026-02-11T00:17:29.519+0100][info][gc,heap     ] GC(3) Survivor regions: 10->10(76)
[2026-02-11T00:17:29.519+0100][info][gc,heap     ] GC(3) Old regions: 4->4
[2026-02-11T00:17:29.519+0100][info][gc,heap     ] GC(3) Humongous regions: 1150->1150
[2026-02-11T00:17:29.519+0100][info][gc,metaspace] GC(3) Metaspace: 4003K(4160K)->4003K(4160K) NonClass: 3565K(3648K)->3565K(3648K) Class: 437K(512K)->437K(512K)
[2026-02-11T00:17:29.519+0100][info][gc          ] GC(3) Pause Young (Concurrent Start) (G1 Humongous Allocation) 1258M->1161M(2048M) 6.318ms
[2026-02-11T00:17:29.519+0100][info][gc,cpu      ] GC(3) User=0.03s Sys=0.01s Real=0.00s
[2026-02-11T00:17:29.519+0100][info][gc          ] GC(4) Concurrent Mark Cycle
[2026-02-11T00:17:29.519+0100][info][gc,marking  ] GC(4) Concurrent Scan Root Regions
[2026-02-11T00:17:29.521+0100][info][gc,marking  ] GC(4) Concurrent Scan Root Regions 2.621ms
[2026-02-11T00:17:29.521+0100][info][gc,marking  ] GC(4) Concurrent Mark
[2026-02-11T00:17:29.521+0100][info][gc,marking  ] GC(4) Concurrent Mark From Roots
[2026-02-11T00:17:29.521+0100][info][gc,task     ] GC(4) Using 2 workers of 2 for marking
[2026-02-11T00:17:29.526+0100][info][gc,marking  ] GC(4) Concurrent Mark From Roots 4.316ms
[2026-02-11T00:17:29.526+0100][info][gc,marking  ] GC(4) Concurrent Preclean
[2026-02-11T00:17:29.526+0100][info][gc,marking  ] GC(4) Concurrent Preclean 0.013ms
[2026-02-11T00:17:29.601+0100][info][gc,start    ] GC(4) Pause Remark
[2026-02-11T00:17:29.602+0100][info][gc          ] GC(4) Pause Remark 1543M->1543M(2048M) 0.843ms
[2026-02-11T00:17:29.602+0100][info][gc,cpu      ] GC(4) User=0.00s Sys=0.00s Real=0.00s
[2026-02-11T00:17:29.602+0100][info][gc,marking  ] GC(4) Concurrent Mark 80.117ms
[2026-02-11T00:17:29.602+0100][info][gc,marking  ] GC(4) Concurrent Rebuild Remembered Sets and Scrub Regions
[2026-02-11T00:17:29.602+0100][info][gc,marking  ] GC(4) Concurrent Rebuild Remembered Sets and Scrub Regions 0.758ms
[2026-02-11T00:17:29.602+0100][info][gc,start    ] GC(4) Pause Cleanup
[2026-02-11T00:17:29.602+0100][info][gc          ] GC(4) Pause Cleanup 1543M->1543M(2048M) 0.050ms
[2026-02-11T00:17:29.602+0100][info][gc,cpu      ] GC(4) User=0.00s Sys=0.00s Real=0.00s
[2026-02-11T00:17:29.603+0100][info][gc,marking  ] GC(4) Concurrent Clear Claimed Marks
[2026-02-11T00:17:29.603+0100][info][gc,marking  ] GC(4) Concurrent Clear Claimed Marks 0.012ms
[2026-02-11T00:17:29.603+0100][info][gc,marking  ] GC(4) Concurrent Cleanup for Next Mark
[2026-02-11T00:17:29.604+0100][info][gc,marking  ] GC(4) Concurrent Cleanup for Next Mark 1.738ms
[2026-02-11T00:17:29.604+0100][info][gc          ] GC(4) Concurrent Mark Cycle 85.522ms
[2026-02-11T00:17:34.185+0100][info][gc,start    ] GC(5) Pause Young (Prepare Mixed) (G1 Evacuation Pause)
[2026-02-11T00:17:34.185+0100][info][gc,task     ] GC(5) Using 8 workers of 8 for evacuation
[2026-02-11T00:17:34.197+0100][info][gc,phases   ] GC(5)   Pre Evacuate Collection Set: 0.26ms
[2026-02-11T00:17:34.197+0100][info][gc,phases   ] GC(5)   Merge Heap Roots: 5.79ms
[2026-02-11T00:17:34.197+0100][info][gc,phases   ] GC(5)   Evacuate Collection Set: 4.55ms
[2026-02-11T00:17:34.197+0100][info][gc,phases   ] GC(5)   Post Evacuate Collection Set: 1.45ms
[2026-02-11T00:17:34.197+0100][info][gc,phases   ] GC(5)   Other: 0.10ms
[2026-02-11T00:17:34.197+0100][info][gc,heap     ] GC(5) Eden regions: 120->0(758)
[2026-02-11T00:17:34.197+0100][info][gc,heap     ] GC(5) Survivor regions: 10->0(0)
[2026-02-11T00:17:34.197+0100][info][gc,heap     ] GC(5) Old regions: 4->37
[2026-02-11T00:17:34.197+0100][info][gc,heap     ] GC(5) Humongous regions: 1914->1150
[2026-02-11T00:17:34.197+0100][info][gc,metaspace] GC(5) Metaspace: 4004K(4160K)->4004K(4160K) NonClass: 3566K(3648K)->3566K(3648K) Class: 438K(512K)->438K(512K)
[2026-02-11T00:17:34.197+0100][info][gc          ] GC(5) Pause Young (Prepare Mixed) (G1 Evacuation Pause) (Evacuation Failure: Allocation) 2045M->1186M(2048M) 12.396ms
[2026-02-11T00:17:34.197+0100][info][gc,cpu      ] GC(5) User=0.07s Sys=0.00s Real=0.01s
[2026-02-11T00:17:40.137+0100][info][gc,start    ] GC(6) Pause Young (Mixed) (G1 Humongous Allocation)
[2026-02-11T00:17:40.138+0100][info][gc,task     ] GC(6) Using 8 workers of 8 for evacuation
[2026-02-11T00:17:40.142+0100][info][gc,phases   ] GC(6)   Pre Evacuate Collection Set: 0.19ms
[2026-02-11T00:17:40.142+0100][info][gc,phases   ] GC(6)   Merge Heap Roots: 2.42ms
[2026-02-11T00:17:40.142+0100][info][gc,phases   ] GC(6)   Evacuate Collection Set: 1.33ms
[2026-02-11T00:17:40.142+0100][info][gc,phases   ] GC(6)   Post Evacuate Collection Set: 0.29ms
[2026-02-11T00:17:40.142+0100][info][gc,phases   ] GC(6)   Other: 0.12ms
[2026-02-11T00:17:40.142+0100][info][gc,heap     ] GC(6) Eden regions: 163->0(405)
[2026-02-11T00:17:40.142+0100][info][gc,heap     ] GC(6) Survivor regions: 0->1(95)
[2026-02-11T00:17:40.142+0100][info][gc,heap     ] GC(6) Old regions: 37->7
[2026-02-11T00:17:40.142+0100][info][gc,heap     ] GC(6) Humongous regions: 1532->1532
[2026-02-11T00:17:40.142+0100][info][gc,metaspace] GC(6) Metaspace: 4011K(4160K)->4011K(4160K) NonClass: 3573K(3648K)->3573K(3648K) Class: 438K(512K)->438K(512K)
[2026-02-11T00:17:40.142+0100][info][gc          ] GC(6) Pause Young (Mixed) (G1 Humongous Allocation) 1731M->1537M(2048M) 4.649ms
[2026-02-11T00:17:40.142+0100][info][gc,cpu      ] GC(6) User=0.03s Sys=0.01s Real=0.01s
[2026-02-11T00:17:40.142+0100][info][gc,ergo     ] Attempting full compaction
[2026-02-11T00:17:40.142+0100][info][gc,start    ] GC(7) Pause Full (G1 Compaction Pause)
[2026-02-11T00:17:40.142+0100][info][gc,task     ] GC(7) Using 8 workers of 8 for full compaction
[2026-02-11T00:17:40.142+0100][info][gc,phases,start] GC(7) Phase 1: Mark live objects
[2026-02-11T00:17:40.144+0100][info][gc,phases      ] GC(7) Phase 1: Mark live objects 2.081ms
[2026-02-11T00:17:40.144+0100][info][gc,phases,start] GC(7) Phase 2: Prepare compaction
[2026-02-11T00:17:40.145+0100][info][gc,phases      ] GC(7) Phase 2: Prepare compaction 0.310ms
[2026-02-11T00:17:40.145+0100][info][gc,phases,start] GC(7) Phase 3: Adjust pointers
[2026-02-11T00:17:40.146+0100][info][gc,phases      ] GC(7) Phase 3: Adjust pointers 1.055ms
[2026-02-11T00:17:40.146+0100][info][gc,phases,start] GC(7) Phase 4: Compact heap
[2026-02-11T00:17:40.146+0100][info][gc,phases      ] GC(7) Phase 4: Compact heap 0.286ms
[2026-02-11T00:17:40.146+0100][info][gc,phases,start] GC(7) Phase 5: Reset Metadata
[2026-02-11T00:17:40.147+0100][info][gc,phases      ] GC(7) Phase 5: Reset Metadata 0.586ms
[2026-02-11T00:17:40.148+0100][info][gc,heap        ] GC(7) Eden regions: 0->0(1169)
[2026-02-11T00:17:40.148+0100][info][gc,heap        ] GC(7) Survivor regions: 1->0(95)
[2026-02-11T00:17:40.148+0100][info][gc,heap        ] GC(7) Old regions: 7->8
[2026-02-11T00:17:40.148+0100][info][gc,heap        ] GC(7) Humongous regions: 1532->768
[2026-02-11T00:17:40.148+0100][info][gc,metaspace   ] GC(7) Metaspace: 4011K(4160K)->4011K(4160K) NonClass: 3573K(3648K)->3573K(3648K) Class: 438K(512K)->438K(512K)
[2026-02-11T00:17:40.148+0100][info][gc             ] GC(7) Pause Full (G1 Compaction Pause) 1537M->773M(2048M) 5.828ms
[2026-02-11T00:17:40.148+0100][info][gc,cpu         ] GC(7) User=0.02s Sys=0.00s Real=0.00s
[2026-02-11T00:17:43.699+0100][info][gc,start       ] GC(8) Pause Young (Concurrent Start) (G1 Humongous Allocation)
[2026-02-11T00:17:43.700+0100][info][gc,task        ] GC(8) Using 8 workers of 8 for evacuation
[2026-02-11T00:17:43.704+0100][info][gc,phases      ] GC(8)   Pre Evacuate Collection Set: 0.36ms
[2026-02-11T00:17:43.704+0100][info][gc,phases      ] GC(8)   Merge Heap Roots: 2.82ms
[2026-02-11T00:17:43.704+0100][info][gc,phases      ] GC(8)   Evacuate Collection Set: 0.60ms
[2026-02-11T00:17:43.704+0100][info][gc,phases      ] GC(8)   Post Evacuate Collection Set: 0.19ms
[2026-02-11T00:17:43.704+0100][info][gc,phases      ] GC(8)   Other: 0.10ms
[2026-02-11T00:17:43.704+0100][info][gc,heap        ] GC(8) Eden regions: 96->0(786)
[2026-02-11T00:17:43.704+0100][info][gc,heap        ] GC(8) Survivor regions: 0->1(147)
[2026-02-11T00:17:43.704+0100][info][gc,heap        ] GC(8) Old regions: 8->8
[2026-02-11T00:17:43.704+0100][info][gc,heap        ] GC(8) Humongous regions: 1150->1150
[2026-02-11T00:17:43.704+0100][info][gc,metaspace   ] GC(8) Metaspace: 4019K(4160K)->4019K(4160K) NonClass: 3581K(3648K)->3581K(3648K) Class: 438K(512K)->438K(512K)
[2026-02-11T00:17:43.704+0100][info][gc             ] GC(8) Pause Young (Concurrent Start) (G1 Humongous Allocation) 1250M->1155M(2048M) 4.315ms
[2026-02-11T00:17:43.704+0100][info][gc,cpu         ] GC(8) User=0.02s Sys=0.00s Real=0.01s
[2026-02-11T00:17:43.704+0100][info][gc             ] GC(9) Concurrent Mark Cycle
[2026-02-11T00:17:43.704+0100][info][gc,marking     ] GC(9) Concurrent Scan Root Regions
[2026-02-11T00:17:43.704+0100][info][gc,marking     ] GC(9) Concurrent Scan Root Regions 0.072ms
[2026-02-11T00:17:43.704+0100][info][gc,marking     ] GC(9) Concurrent Mark
[2026-02-11T00:17:43.704+0100][info][gc,marking     ] GC(9) Concurrent Mark From Roots
[2026-02-11T00:17:43.704+0100][info][gc,task        ] GC(9) Using 2 workers of 2 for marking
[2026-02-11T00:17:43.708+0100][info][gc,marking     ] GC(9) Concurrent Mark From Roots 4.248ms
[2026-02-11T00:17:43.708+0100][info][gc,marking     ] GC(9) Concurrent Preclean
[2026-02-11T00:17:43.708+0100][info][gc,marking     ] GC(9) Concurrent Preclean 0.022ms
[2026-02-11T00:17:43.753+0100][info][gc,start       ] GC(9) Pause Remark
[2026-02-11T00:17:43.754+0100][info][gc             ] GC(9) Pause Remark 1537M->1155M(2048M) 0.888ms
[2026-02-11T00:17:43.754+0100][info][gc,cpu         ] GC(9) User=0.01s Sys=0.00s Real=0.00s
[2026-02-11T00:17:43.754+0100][info][gc,marking     ] GC(9) Concurrent Mark 50.102ms
[2026-02-11T00:17:43.754+0100][info][gc,marking     ] GC(9) Concurrent Rebuild Remembered Sets and Scrub Regions
[2026-02-11T00:17:43.755+0100][info][gc,marking     ] GC(9) Concurrent Rebuild Remembered Sets and Scrub Regions 1.410ms
[2026-02-11T00:17:43.756+0100][info][gc,start       ] GC(9) Pause Cleanup
[2026-02-11T00:17:43.756+0100][info][gc             ] GC(9) Pause Cleanup 1155M->1155M(2048M) 0.059ms
[2026-02-11T00:17:43.756+0100][info][gc,cpu         ] GC(9) User=0.00s Sys=0.00s Real=0.00s
[2026-02-11T00:17:43.756+0100][info][gc,marking     ] GC(9) Concurrent Clear Claimed Marks
[2026-02-11T00:17:43.756+0100][info][gc,marking     ] GC(9) Concurrent Clear Claimed Marks 0.019ms
[2026-02-11T00:17:43.756+0100][info][gc,marking     ] GC(9) Concurrent Cleanup for Next Mark
[2026-02-11T00:17:43.757+0100][info][gc,marking     ] GC(9) Concurrent Cleanup for Next Mark 1.436ms
[2026-02-11T00:17:43.757+0100][info][gc             ] GC(9) Concurrent Mark Cycle 53.338ms
[2026-02-11T00:17:47.241+0100][info][gc,exit        ] Heap
[2026-02-11T00:17:47.241+0100][info][gc,exit        ]  garbage-first heap   total reserved 2097152K, committed 2097152K, used 1282242K [0x0000000400000000, 0x0000000480000000)
[2026-02-11T00:17:47.241+0100][info][gc,exit        ]   region size 1024K, 98 young (100352K), 1 survivors (1024K)
[2026-02-11T00:17:47.241+0100][info][gc,exit        ]  Metaspace       used 4071K, committed 4224K, reserved 1114112K
[2026-02-11T00:17:47.241+0100][info][gc,exit        ]   class space    used 445K, committed 512K, reserved 1048576K
