[2026-02-11T00:16:07.518+0100][info][gc,init] CardTable entry size: 512
[2026-02-11T00:16:07.518+0100][info][gc     ] Using G1
[2026-02-11T00:16:07.520+0100][info][gc,init] Version: 25.0.2+10-LTS (release)
[2026-02-11T00:16:07.520+0100][info][gc,init] CPUs: 8 total, 8 available
[2026-02-11T00:16:07.520+0100][info][gc,init] Memory: 24576M
[2026-02-11T00:16:07.520+0100][info][gc,init] Large Page Support: Disabled
[2026-02-11T00:16:07.520+0100][info][gc,init] NUMA Support: Disabled
[2026-02-11T00:16:07.520+0100][info][gc,init] Compressed Oops: Enabled (Zero based)
[2026-02-11T00:16:07.520+0100][info][gc,init] Heap Region Size: 1M
[2026-02-11T00:16:07.520+0100][info][gc,init] Heap Min Capacity: 2G
[2026-02-11T00:16:07.520+0100][info][gc,init] Heap Initial Capacity: 2G
[2026-02-11T00:16:07.520+0100][info][gc,init] Heap Max Capacity: 2G
[2026-02-11T00:16:07.520+0100][info][gc,init] Pre-touch: Disabled
[2026-02-11T00:16:07.520+0100][info][gc,init] Parallel Workers: 8
[2026-02-11T00:16:07.520+0100][info][gc,init] Concurrent Workers: 2
[2026-02-11T00:16:07.520+0100][info][gc,init] Concurrent Refinement Workers: 8
[2026-02-11T00:16:07.520+0100][info][gc,init] Periodic GC: Disabled
[2026-02-11T00:16:07.523+0100][info][gc,metaspace] CDS archive(s) mapped at: [0x000001e000000000-0x000001e000d94000-0x000001e000d94000), size 14237696, SharedBaseAddress: 0x000001e000000000, ArchiveRelocationMode: 1.
[2026-02-11T00:16:07.523+0100][info][gc,metaspace] Compressed class space mapped at: 0x000001e001000000-0x000001e041000000, reserved size: 1073741824
[2026-02-11T00:16:07.523+0100][info][gc,metaspace] UseCompressedClassPointers 1, UseCompactObjectHeaders 0
[2026-02-11T00:16:07.523+0100][info][gc,metaspace] Narrow klass pointer bits 32, Max shift 3
[2026-02-11T00:16:07.524+0100][info][gc,metaspace] Narrow klass base: 0x000001e000000000, Narrow klass shift: 0
[2026-02-11T00:16:07.524+0100][info][gc,metaspace] Encoding Range: [0x000001e000000000 - 0x000001e100000000), (4294967296 bytes)
[2026-02-11T00:16:07.524+0100][info][gc,metaspace] Klass Range:    [0x000001e000004000 - 0x000001e041000000), (1090502656 bytes)
[2026-02-11T00:16:07.524+0100][info][gc,metaspace] Klass ID Range:  [16384 - 1090519033) (1090502649)
[2026-02-11T00:16:07.524+0100][info][gc,metaspace] Protection zone: [0x000001e000000000 - 0x000001e000004000), (16384 bytes)
[2026-02-11T00:16:21.539+0100][info][gc,start    ] GC(0) Pause Young (Concurrent Start) (G1 Humongous Allocation)
[2026-02-11T00:16:21.540+0100][info][gc,task     ] GC(0) Using 8 workers of 8 for evacuation
[2026-02-11T00:16:21.545+0100][info][gc,phases   ] GC(0)   Pre Evacuate Collection Set: 0.37ms
[2026-02-11T00:16:21.545+0100][info][gc,phases   ] GC(0)   Merge Heap Roots: 2.40ms
[2026-02-11T00:16:21.545+0100][info][gc,phases   ] GC(0)   Evacuate Collection Set: 1.83ms
[2026-02-11T00:16:21.545+0100][info][gc,phases   ] GC(0)   Post Evacuate Collection Set: 0.31ms
[2026-02-11T00:16:21.545+0100][info][gc,phases   ] GC(0)   Other: 0.48ms
[2026-02-11T00:16:21.545+0100][info][gc,heap     ] GC(0) Eden regions: 71->0(440)
[2026-02-11T00:16:21.545+0100][info][gc,heap     ] GC(0) Survivor regions: 0->5(13)
[2026-02-11T00:16:21.545+0100][info][gc,heap     ] GC(0) Old regions: 2->2
[2026-02-11T00:16:21.545+0100][info][gc,heap     ] GC(0) Humongous regions: 768->768
[2026-02-11T00:16:21.545+0100][info][gc,metaspace] GC(0) Metaspace: 4004K(4160K)->4004K(4160K) NonClass: 3566K(3648K)->3566K(3648K) Class: 437K(512K)->437K(512K)
[2026-02-11T00:16:21.545+0100][info][gc          ] GC(0) Pause Young (Concurrent Start) (G1 Humongous Allocation) 840M->773M(2048M) 5.952ms
[2026-02-11T00:16:21.545+0100][info][gc,cpu      ] GC(0) User=0.02s Sys=0.01s Real=0.01s
[2026-02-11T00:16:21.545+0100][info][gc          ] GC(1) Concurrent Undo Cycle
[2026-02-11T00:16:21.545+0100][info][gc,marking  ] GC(1) Concurrent Clear Claimed Marks
[2026-02-11T00:16:21.545+0100][info][gc,marking  ] GC(1) Concurrent Clear Claimed Marks 0.024ms
[2026-02-11T00:16:21.545+0100][info][gc,marking  ] GC(1) Concurrent Cleanup for Next Mark
[2026-02-11T00:16:21.545+0100][info][gc,marking  ] GC(1) Concurrent Cleanup for Next Mark 0.055ms
[2026-02-11T00:16:21.545+0100][info][gc          ] GC(1) Concurrent Undo Cycle 0.186ms
[2026-02-11T00:16:24.716+0100][info][gc,start    ] GC(2) Pause Young (Concurrent Start) (G1 Humongous Allocation)
[2026-02-11T00:16:24.716+0100][info][gc,task     ] GC(2) Using 8 workers of 8 for evacuation
[2026-02-11T00:16:24.722+0100][info][gc,phases   ] GC(2)   Pre Evacuate Collection Set: 0.41ms
[2026-02-11T00:16:24.722+0100][info][gc,phases   ] GC(2)   Merge Heap Roots: 3.08ms
[2026-02-11T00:16:24.722+0100][info][gc,phases   ] GC(2)   Evacuate Collection Set: 1.64ms
[2026-02-11T00:16:24.722+0100][info][gc,phases   ] GC(2)   Post Evacuate Collection Set: 0.35ms
[2026-02-11T00:16:24.722+0100][info][gc,phases   ] GC(2)   Other: 0.11ms
[2026-02-11T00:16:24.722+0100][info][gc,heap     ] GC(2) Eden regions: 50->0(707)
[2026-02-11T00:16:24.722+0100][info][gc,heap     ] GC(2) Survivor regions: 5->5(58)
[2026-02-11T00:16:24.722+0100][info][gc,heap     ] GC(2) Old regions: 2->2
[2026-02-11T00:16:24.722+0100][info][gc,heap     ] GC(2) Humongous regions: 1150->768
[2026-02-11T00:16:24.722+0100][info][gc,metaspace] GC(2) Metaspace: 4005K(4160K)->4005K(4160K) NonClass: 3567K(3648K)->3567K(3648K) Class: 437K(512K)->437K(512K)
[2026-02-11T00:16:24.722+0100][info][gc          ] GC(2) Pause Young (Concurrent Start) (G1 Humongous Allocation) 1204M->773M(2048M) 5.895ms
[2026-02-11T00:16:24.722+0100][info][gc,cpu      ] GC(2) User=0.03s Sys=0.00s Real=0.01s
[2026-02-11T00:16:24.722+0100][info][gc          ] GC(3) Concurrent Undo Cycle
[2026-02-11T00:16:24.722+0100][info][gc,marking  ] GC(3) Concurrent Clear Claimed Marks
[2026-02-11T00:16:24.722+0100][info][gc,marking  ] GC(3) Concurrent Clear Claimed Marks 0.017ms
[2026-02-11T00:16:24.722+0100][info][gc,marking  ] GC(3) Concurrent Cleanup for Next Mark
[2026-02-11T00:16:24.722+0100][info][gc,marking  ] GC(3) Concurrent Cleanup for Next Mark 0.056ms
[2026-02-11T00:16:24.722+0100][info][gc          ] GC(3) Concurrent Undo Cycle 0.168ms
[2026-02-11T00:16:27.828+0100][info][gc,start    ] GC(4) Pause Young (Concurrent Start) (G1 Humongous Allocation)
[2026-02-11T00:16:27.828+0100][info][gc,task     ] GC(4) Using 8 workers of 8 for evacuation
[2026-02-11T00:16:27.834+0100][info][gc,phases   ] GC(4)   Pre Evacuate Collection Set: 0.32ms
[2026-02-11T00:16:27.834+0100][info][gc,phases   ] GC(4)   Merge Heap Roots: 2.89ms
[2026-02-11T00:16:27.834+0100][info][gc,phases   ] GC(4)   Evacuate Collection Set: 1.61ms
[2026-02-11T00:16:27.834+0100][info][gc,phases   ] GC(4)   Post Evacuate Collection Set: 0.34ms
[2026-02-11T00:16:27.834+0100][info][gc,phases   ] GC(4)   Other: 0.10ms
[2026-02-11T00:16:27.834+0100][info][gc,heap     ] GC(4) Eden regions: 49->0(808)
[2026-02-11T00:16:27.834+0100][info][gc,heap     ] GC(4) Survivor regions: 5->5(89)
[2026-02-11T00:16:27.834+0100][info][gc,heap     ] GC(4) Old regions: 2->2
[2026-02-11T00:16:27.834+0100][info][gc,heap     ] GC(4) Humongous regions: 1150->768
[2026-02-11T00:16:27.834+0100][info][gc,metaspace] GC(4) Metaspace: 4025K(4160K)->4025K(4160K) NonClass: 3587K(3648K)->3587K(3648K) Class: 438K(512K)->438K(512K)
[2026-02-11T00:16:27.834+0100][info][gc          ] GC(4) Pause Young (Concurrent Start) (G1 Humongous Allocation) 1204M->773M(2048M) 5.528ms
[2026-02-11T00:16:27.834+0100][info][gc,cpu      ] GC(4) User=0.03s Sys=0.00s Real=0.01s
[2026-02-11T00:16:27.834+0100][info][gc          ] GC(5) Concurrent Undo Cycle
[2026-02-11T00:16:27.834+0100][info][gc,marking  ] GC(5) Concurrent Clear Claimed Marks
[2026-02-11T00:16:27.834+0100][info][gc,marking  ] GC(5) Concurrent Clear Claimed Marks 0.023ms
[2026-02-11T00:16:27.834+0100][info][gc,marking  ] GC(5) Concurrent Cleanup for Next Mark
[2026-02-11T00:16:27.834+0100][info][gc,marking  ] GC(5) Concurrent Cleanup for Next Mark 0.061ms
[2026-02-11T00:16:27.834+0100][info][gc          ] GC(5) Concurrent Undo Cycle 0.172ms
[2026-02-11T00:16:30.947+0100][info][gc,start    ] GC(6) Pause Young (Concurrent Start) (G1 Humongous Allocation)
[2026-02-11T00:16:30.947+0100][info][gc,task     ] GC(6) Using 8 workers of 8 for evacuation
[2026-02-11T00:16:30.952+0100][info][gc,phases   ] GC(6)   Pre Evacuate Collection Set: 0.33ms
[2026-02-11T00:16:30.952+0100][info][gc,phases   ] GC(6)   Merge Heap Roots: 2.86ms
[2026-02-11T00:16:30.952+0100][info][gc,phases   ] GC(6)   Evacuate Collection Set: 1.49ms
[2026-02-11T00:16:30.952+0100][info][gc,phases   ] GC(6)   Post Evacuate Collection Set: 0.33ms
[2026-02-11T00:16:30.952+0100][info][gc,phases   ] GC(6)   Other: 0.15ms
[2026-02-11T00:16:30.952+0100][info][gc,heap     ] GC(6) Eden regions: 48->0(876)
[2026-02-11T00:16:30.952+0100][info][gc,heap     ] GC(6) Survivor regions: 5->5(102)
[2026-02-11T00:16:30.952+0100][info][gc,heap     ] GC(6) Old regions: 2->2
[2026-02-11T00:16:30.952+0100][info][gc,heap     ] GC(6) Humongous regions: 1150->768
[2026-02-11T00:16:30.952+0100][info][gc,metaspace] GC(6) Metaspace: 4027K(4160K)->4027K(4160K) NonClass: 3588K(3648K)->3588K(3648K) Class: 438K(512K)->438K(512K)
[2026-02-11T00:16:30.952+0100][info][gc          ] GC(6) Pause Young (Concurrent Start) (G1 Humongous Allocation) 1203M->773M(2048M) 5.462ms
[2026-02-11T00:16:30.952+0100][info][gc,cpu      ] GC(6) User=0.02s Sys=0.00s Real=0.01s
[2026-02-11T00:16:30.953+0100][info][gc          ] GC(7) Concurrent Undo Cycle
[2026-02-11T00:16:30.953+0100][info][gc,marking  ] GC(7) Concurrent Clear Claimed Marks
[2026-02-11T00:16:30.953+0100][info][gc,marking  ] GC(7) Concurrent Clear Claimed Marks 0.017ms
[2026-02-11T00:16:30.953+0100][info][gc,marking  ] GC(7) Concurrent Cleanup for Next Mark
[2026-02-11T00:16:30.953+0100][info][gc,marking  ] GC(7) Concurrent Cleanup for Next Mark 0.064ms
[2026-02-11T00:16:30.953+0100][info][gc          ] GC(7) Concurrent Undo Cycle 0.176ms
[2026-02-11T00:16:34.045+0100][info][gc,start    ] GC(8) Pause Young (Concurrent Start) (G1 Humongous Allocation)
[2026-02-11T00:16:34.045+0100][info][gc,task     ] GC(8) Using 8 workers of 8 for evacuation
[2026-02-11T00:16:34.050+0100][info][gc,phases   ] GC(8)   Pre Evacuate Collection Set: 0.40ms
[2026-02-11T00:16:34.050+0100][info][gc,phases   ] GC(8)   Merge Heap Roots: 2.77ms
[2026-02-11T00:16:34.050+0100][info][gc,phases   ] GC(8)   Evacuate Collection Set: 1.55ms
[2026-02-11T00:16:34.050+0100][info][gc,phases   ] GC(8)   Post Evacuate Collection Set: 0.31ms
[2026-02-11T00:16:34.050+0100][info][gc,phases   ] GC(8)   Other: 0.11ms
[2026-02-11T00:16:34.050+0100][info][gc,heap     ] GC(8) Eden regions: 48->0(939)
[2026-02-11T00:16:34.050+0100][info][gc,heap     ] GC(8) Survivor regions: 5->5(111)
[2026-02-11T00:16:34.050+0100][info][gc,heap     ] GC(8) Old regions: 2->2
[2026-02-11T00:16:34.050+0100][info][gc,heap     ] GC(8) Humongous regions: 1150->768
[2026-02-11T00:16:34.050+0100][info][gc,metaspace] GC(8) Metaspace: 4029K(4160K)->4029K(4160K) NonClass: 3591K(3648K)->3591K(3648K) Class: 438K(512K)->438K(512K)
[2026-02-11T00:16:34.050+0100][info][gc          ] GC(8) Pause Young (Concurrent Start) (G1 Humongous Allocation) 1203M->773M(2048M) 5.423ms
[2026-02-11T00:16:34.050+0100][info][gc,cpu      ] GC(8) User=0.03s Sys=0.00s Real=0.01s
[2026-02-11T00:16:34.050+0100][info][gc          ] GC(9) Concurrent Undo Cycle
[2026-02-11T00:16:34.050+0100][info][gc,marking  ] GC(9) Concurrent Clear Claimed Marks
[2026-02-11T00:16:34.050+0100][info][gc,marking  ] GC(9) Concurrent Clear Claimed Marks 0.017ms
[2026-02-11T00:16:34.050+0100][info][gc,marking  ] GC(9) Concurrent Cleanup for Next Mark
[2026-02-11T00:16:34.050+0100][info][gc,marking  ] GC(9) Concurrent Cleanup for Next Mark 0.080ms
[2026-02-11T00:16:34.050+0100][info][gc          ] GC(9) Concurrent Undo Cycle 0.198ms
[2026-02-11T00:16:37.114+0100][info][gc,start    ] GC(10) Pause Young (Concurrent Start) (G1 Humongous Allocation)
[2026-02-11T00:16:37.114+0100][info][gc,task     ] GC(10) Using 8 workers of 8 for evacuation
[2026-02-11T00:16:37.120+0100][info][gc,phases   ] GC(10)   Pre Evacuate Collection Set: 0.39ms
[2026-02-11T00:16:37.120+0100][info][gc,phases   ] GC(10)   Merge Heap Roots: 3.13ms
[2026-02-11T00:16:37.120+0100][info][gc,phases   ] GC(10)   Evacuate Collection Set: 1.42ms
[2026-02-11T00:16:37.120+0100][info][gc,phases   ] GC(10)   Post Evacuate Collection Set: 0.33ms
[2026-02-11T00:16:37.120+0100][info][gc,phases   ] GC(10)   Other: 0.11ms
[2026-02-11T00:16:37.120+0100][info][gc,heap     ] GC(10) Eden regions: 48->0(994)
[2026-02-11T00:16:37.120+0100][info][gc,heap     ] GC(10) Survivor regions: 5->5(118)
[2026-02-11T00:16:37.120+0100][info][gc,heap     ] GC(10) Old regions: 2->2
[2026-02-11T00:16:37.120+0100][info][gc,heap     ] GC(10) Humongous regions: 1150->768
[2026-02-11T00:16:37.120+0100][info][gc,metaspace] GC(10) Metaspace: 4029K(4160K)->4029K(4160K) NonClass: 3591K(3648K)->3591K(3648K) Class: 438K(512K)->438K(512K)
[2026-02-11T00:16:37.120+0100][info][gc          ] GC(10) Pause Young (Concurrent Start) (G1 Humongous Allocation) 1203M->773M(2048M) 5.706ms
[2026-02-11T00:16:37.120+0100][info][gc,cpu      ] GC(10) User=0.03s Sys=0.00s Real=0.01s
[2026-02-11T00:16:37.120+0100][info][gc          ] GC(11) Concurrent Undo Cycle
[2026-02-11T00:16:37.120+0100][info][gc,marking  ] GC(11) Concurrent Clear Claimed Marks
[2026-02-11T00:16:37.120+0100][info][gc,marking  ] GC(11) Concurrent Clear Claimed Marks 0.015ms
[2026-02-11T00:16:37.120+0100][info][gc,marking  ] GC(11) Concurrent Cleanup for Next Mark
[2026-02-11T00:16:37.120+0100][info][gc,marking  ] GC(11) Concurrent Cleanup for Next Mark 0.058ms
[2026-02-11T00:16:37.120+0100][info][gc          ] GC(11) Concurrent Undo Cycle 0.166ms
[2026-02-11T00:16:40.198+0100][info][gc,exit     ] Heap
[2026-02-11T00:16:40.198+0100][info][gc,exit     ]  garbage-first heap   total reserved 2097152K, committed 2097152K, used 1234264K [0x0000000780000000, 0x0000000800000000)
[2026-02-11T00:16:40.198+0100][info][gc,exit     ]   region size 1024K, 55 young (56320K), 5 survivors (5120K)
[2026-02-11T00:16:40.198+0100][info][gc,exit     ]  Metaspace       used 4096K, committed 4224K, reserved 1114112K
[2026-02-11T00:16:40.198+0100][info][gc,exit     ]   class space    used 449K, committed 512K, reserved 1048576K
