[2026-02-11T00:16:40.257+0100][info][gc,init] CardTable entry size: 512
[2026-02-11T00:16:40.257+0100][info][gc     ] Using G1
[2026-02-11T00:16:40.259+0100][info][gc,init] Version: 25.0.2+10-LTS (release)
[2026-02-11T00:16:40.259+0100][info][gc,init] CPUs: 8 total, 8 available
[2026-02-11T00:16:40.259+0100][info][gc,init] Memory: 24576M
[2026-02-11T00:16:40.259+0100][info][gc,init] Large Page Support: Disabled
[2026-02-11T00:16:40.259+0100][info][gc,init] NUMA Support: Disabled
[2026-02-11T00:16:40.259+0100][info][gc,init] Compressed Oops: Enabled (Zero based)
[2026-02-11T00:16:40.259+0100][info][gc,init] Heap Region Size: 1M
[2026-02-11T00:16:40.259+0100][info][gc,init] Heap Min Capacity: 2G
[2026-02-11T00:16:40.259+0100][info][gc,init] Heap Initial Capacity: 2G
[2026-02-11T00:16:40.259+0100][info][gc,init] Heap Max Capacity: 2G
[2026-02-11T00:16:40.259+0100][info][gc,init] Pre-touch: Disabled
[2026-02-11T00:16:40.259+0100][info][gc,init] Parallel Workers: 8
[2026-02-11T00:16:40.259+0100][info][gc,init] Concurrent Workers: 2
[2026-02-11T00:16:40.259+0100][info][gc,init] Concurrent Refinement Workers: 8
[2026-02-11T00:16:40.259+0100][info][gc,init] Periodic GC: Disabled
[2026-02-11T00:16:40.263+0100][info][gc,metaspace] CDS archive(s) mapped at: [0x0000300000000000-0x0000300000d94000-0x0000300000d94000), size 14237696, SharedBaseAddress: 0x0000300000000000, ArchiveRelocationMode: 1.
[2026-02-11T00:16:40.263+0100][info][gc,metaspace] Compressed class space mapped at: 0x0000300001000000-0x0000300041000000, reserved size: 1073741824
[2026-02-11T00:16:40.263+0100][info][gc,metaspace] UseCompressedClassPointers 1, UseCompactObjectHeaders 0
[2026-02-11T00:16:40.263+0100][info][gc,metaspace] Narrow klass pointer bits 32, Max shift 3
[2026-02-11T00:16:40.263+0100][info][gc,metaspace] Narrow klass base: 0x0000300000000000, Narrow klass shift: 0
[2026-02-11T00:16:40.263+0100][info][gc,metaspace] Encoding Range: [0x0000300000000000 - 0x0000300100000000), (4294967296 bytes)
[2026-02-11T00:16:40.263+0100][info][gc,metaspace] Klass Range:    [0x0000300000004000 - 0x0000300041000000), (1090502656 bytes)
[2026-02-11T00:16:40.263+0100][info][gc,metaspace] Klass ID Range:  [16384 - 1090519033) (1090502649)
[2026-02-11T00:16:40.263+0100][info][gc,metaspace] Protection zone: [0x0000300000000000 - 0x0000300000004000), (16384 bytes)
[2026-02-11T00:16:53.702+0100][info][gc,start    ] GC(0) Pause Young (Normal) (G1 Evacuation Pause)
[2026-02-11T00:16:53.703+0100][info][gc,task     ] GC(0) Using 8 workers of 8 for evacuation
[2026-02-11T00:16:53.713+0100][info][gc,phases   ] GC(0)   Pre Evacuate Collection Set: 0.20ms
[2026-02-11T00:16:53.713+0100][info][gc,phases   ] GC(0)   Merge Heap Roots: 2.73ms
[2026-02-11T00:16:53.713+0100][info][gc,phases   ] GC(0)   Evacuate Collection Set: 6.54ms
[2026-02-11T00:16:53.713+0100][info][gc,phases   ] GC(0)   Post Evacuate Collection Set: 0.38ms
[2026-02-11T00:16:53.713+0100][info][gc,phases   ] GC(0)   Other: 0.62ms
[2026-02-11T00:16:53.713+0100][info][gc,heap     ] GC(0) Eden regions: 102->0(323)
[2026-02-11T00:16:53.713+0100][info][gc,heap     ] GC(0) Survivor regions: 0->13(13)
[2026-02-11T00:16:53.713+0100][info][gc,heap     ] GC(0) Old regions: 2->6
[2026-02-11T00:16:53.713+0100][info][gc,heap     ] GC(0) Humongous regions: 768->768
[2026-02-11T00:16:53.713+0100][info][gc,metaspace] GC(0) Metaspace: 3915K(4096K)->3915K(4096K) NonClass: 3487K(3584K)->3487K(3584K) Class: 428K(512K)->428K(512K)
[2026-02-11T00:16:53.713+0100][info][gc          ] GC(0) Pause Young (Normal) (G1 Evacuation Pause) 871M->785M(2048M) 11.088ms
[2026-02-11T00:16:53.713+0100][info][gc,cpu      ] GC(0) User=0.06s Sys=0.00s Real=0.01s
[2026-02-11T00:16:54.321+0100][info][gc,start    ] GC(1) Pause Young (Concurrent Start) (G1 Humongous Allocation)
[2026-02-11T00:16:54.321+0100][info][gc,task     ] GC(1) Using 8 workers of 8 for evacuation
[2026-02-11T00:16:54.325+0100][info][gc,phases   ] GC(1)   Pre Evacuate Collection Set: 0.20ms
[2026-02-11T00:16:54.325+0100][info][gc,phases   ] GC(1)   Merge Heap Roots: 0.10ms
[2026-02-11T00:16:54.325+0100][info][gc,phases   ] GC(1)   Evacuate Collection Set: 2.91ms
[2026-02-11T00:16:54.325+0100][info][gc,phases   ] GC(1)   Post Evacuate Collection Set: 0.32ms
[2026-02-11T00:16:54.325+0100][info][gc,phases   ] GC(1)   Other: 0.09ms
[2026-02-11T00:16:54.325+0100][info][gc,heap     ] GC(1) Eden regions: 24->0(593)
[2026-02-11T00:16:54.325+0100][info][gc,heap     ] GC(1) Survivor regions: 13->11(45)
[2026-02-11T00:16:54.325+0100][info][gc,heap     ] GC(1) Old regions: 6->6
[2026-02-11T00:16:54.325+0100][info][gc,heap     ] GC(1) Humongous regions: 768->768
[2026-02-11T00:16:54.325+0100][info][gc,metaspace] GC(1) Metaspace: 3999K(4160K)->3999K(4160K) NonClass: 3561K(3648K)->3561K(3648K) Class: 437K(512K)->437K(512K)
[2026-02-11T00:16:54.325+0100][info][gc          ] GC(1) Pause Young (Concurrent Start) (G1 Humongous Allocation) 808M->782M(2048M) 3.910ms
[2026-02-11T00:16:54.325+0100][info][gc,cpu      ] GC(1) User=0.02s Sys=0.01s Real=0.00s
[2026-02-11T00:16:54.325+0100][info][gc          ] GC(2) Concurrent Undo Cycle
[2026-02-11T00:16:54.325+0100][info][gc,marking  ] GC(2) Concurrent Clear Claimed Marks
[2026-02-11T00:16:54.325+0100][info][gc,marking  ] GC(2) Concurrent Clear Claimed Marks 0.030ms
[2026-02-11T00:16:54.325+0100][info][gc,marking  ] GC(2) Concurrent Cleanup for Next Mark
[2026-02-11T00:16:54.325+0100][info][gc,marking  ] GC(2) Concurrent Cleanup for Next Mark 0.058ms
[2026-02-11T00:16:54.326+0100][info][gc          ] GC(2) Concurrent Undo Cycle 0.197ms
[2026-02-11T00:16:57.498+0100][info][gc,start    ] GC(3) Pause Young (Concurrent Start) (G1 Humongous Allocation)
[2026-02-11T00:16:57.498+0100][info][gc,task     ] GC(3) Using 8 workers of 8 for evacuation
[2026-02-11T00:16:57.505+0100][info][gc,phases   ] GC(3)   Pre Evacuate Collection Set: 0.32ms
[2026-02-11T00:16:57.505+0100][info][gc,phases   ] GC(3)   Merge Heap Roots: 3.18ms
[2026-02-11T00:16:57.505+0100][info][gc,phases   ] GC(3)   Evacuate Collection Set: 3.55ms
[2026-02-11T00:16:57.505+0100][info][gc,phases   ] GC(3)   Post Evacuate Collection Set: 0.33ms
[2026-02-11T00:16:57.505+0100][info][gc,phases   ] GC(3)   Other: 0.12ms
[2026-02-11T00:16:57.505+0100][info][gc,heap     ] GC(3) Eden regions: 95->0(554)
[2026-02-11T00:16:57.505+0100][info][gc,heap     ] GC(3) Survivor regions: 11->11(78)
[2026-02-11T00:16:57.505+0100][info][gc,heap     ] GC(3) Old regions: 6->6
[2026-02-11T00:16:57.505+0100][info][gc,heap     ] GC(3) Humongous regions: 1150->1150
[2026-02-11T00:16:57.505+0100][info][gc,metaspace] GC(3) Metaspace: 3999K(4160K)->3999K(4160K) NonClass: 3561K(3648K)->3561K(3648K) Class: 437K(512K)->437K(512K)
[2026-02-11T00:16:57.505+0100][info][gc          ] GC(3) Pause Young (Concurrent Start) (G1 Humongous Allocation) 1259M->1164M(2048M) 7.737ms
[2026-02-11T00:16:57.505+0100][info][gc,cpu      ] GC(3) User=0.04s Sys=0.00s Real=0.01s
[2026-02-11T00:16:57.505+0100][info][gc          ] GC(4) Concurrent Mark Cycle
[2026-02-11T00:16:57.505+0100][info][gc,marking  ] GC(4) Concurrent Scan Root Regions
[2026-02-11T00:16:57.508+0100][info][gc,marking  ] GC(4) Concurrent Scan Root Regions 2.880ms
[2026-02-11T00:16:57.508+0100][info][gc,marking  ] GC(4) Concurrent Mark
[2026-02-11T00:16:57.508+0100][info][gc,marking  ] GC(4) Concurrent Mark From Roots
[2026-02-11T00:16:57.508+0100][info][gc,task     ] GC(4) Using 2 workers of 2 for marking
[2026-02-11T00:16:57.513+0100][info][gc,marking  ] GC(4) Concurrent Mark From Roots 4.456ms
[2026-02-11T00:16:57.513+0100][info][gc,marking  ] GC(4) Concurrent Preclean
[2026-02-11T00:16:57.513+0100][info][gc,marking  ] GC(4) Concurrent Preclean 0.012ms
[2026-02-11T00:16:57.588+0100][info][gc,start    ] GC(4) Pause Remark
[2026-02-11T00:16:57.589+0100][info][gc          ] GC(4) Pause Remark 1546M->1546M(2048M) 0.975ms
[2026-02-11T00:16:57.589+0100][info][gc,cpu      ] GC(4) User=0.00s Sys=0.00s Real=0.00s
[2026-02-11T00:16:57.589+0100][info][gc,marking  ] GC(4) Concurrent Mark 80.897ms
[2026-02-11T00:16:57.589+0100][info][gc,marking  ] GC(4) Concurrent Rebuild Remembered Sets and Scrub Regions
[2026-02-11T00:16:57.590+0100][info][gc,marking  ] GC(4) Concurrent Rebuild Remembered Sets and Scrub Regions 0.779ms
[2026-02-11T00:16:57.590+0100][info][gc,start    ] GC(4) Pause Cleanup
[2026-02-11T00:16:57.590+0100][info][gc          ] GC(4) Pause Cleanup 1546M->1546M(2048M) 0.053ms
[2026-02-11T00:16:57.590+0100][info][gc,cpu      ] GC(4) User=0.00s Sys=0.00s Real=0.00s
[2026-02-11T00:16:57.590+0100][info][gc,marking  ] GC(4) Concurrent Clear Claimed Marks
[2026-02-11T00:16:57.590+0100][info][gc,marking  ] GC(4) Concurrent Clear Claimed Marks 0.018ms
[2026-02-11T00:16:57.590+0100][info][gc,marking  ] GC(4) Concurrent Cleanup for Next Mark
[2026-02-11T00:16:57.592+0100][info][gc,marking  ] GC(4) Concurrent Cleanup for Next Mark 1.914ms
[2026-02-11T00:16:57.592+0100][info][gc          ] GC(4) Concurrent Mark Cycle 86.797ms
[2026-02-11T00:17:01.691+0100][info][gc,start    ] GC(5) Pause Young (Prepare Mixed) (G1 Evacuation Pause)
[2026-02-11T00:17:01.691+0100][info][gc,task     ] GC(5) Using 8 workers of 8 for evacuation
[2026-02-11T00:17:01.697+0100][info][gc,phases   ] GC(5)   Pre Evacuate Collection Set: 0.13ms
[2026-02-11T00:17:01.697+0100][info][gc,phases   ] GC(5)   Merge Heap Roots: 3.22ms
[2026-02-11T00:17:01.697+0100][info][gc,phases   ] GC(5)   Evacuate Collection Set: 2.43ms
[2026-02-11T00:17:01.697+0100][info][gc,phases   ] GC(5)   Post Evacuate Collection Set: 0.92ms
[2026-02-11T00:17:01.697+0100][info][gc,phases   ] GC(5)   Other: 0.07ms
[2026-02-11T00:17:01.697+0100][info][gc,heap     ] GC(5) Eden regions: 118->0(758)
[2026-02-11T00:17:01.697+0100][info][gc,heap     ] GC(5) Survivor regions: 11->0(0)
[2026-02-11T00:17:01.697+0100][info][gc,heap     ] GC(5) Old regions: 5->37
[2026-02-11T00:17:01.698+0100][info][gc,heap     ] GC(5) Humongous regions: 1914->1150
[2026-02-11T00:17:01.698+0100][info][gc,metaspace] GC(5) Metaspace: 4011K(4160K)->4011K(4160K) NonClass: 3573K(3648K)->3573K(3648K) Class: 438K(512K)->438K(512K)
[2026-02-11T00:17:01.698+0100][info][gc          ] GC(5) Pause Young (Prepare Mixed) (G1 Evacuation Pause) (Evacuation Failure: Allocation) 2046M->1185M(2048M) 6.955ms
[2026-02-11T00:17:01.698+0100][info][gc,cpu      ] GC(5) User=0.05s Sys=0.00s Real=0.00s
[2026-02-11T00:17:06.988+0100][info][gc,start    ] GC(6) Pause Young (Mixed) (G1 Humongous Allocation)
[2026-02-11T00:17:06.988+0100][info][gc,task     ] GC(6) Using 8 workers of 8 for evacuation
[2026-02-11T00:17:06.993+0100][info][gc,phases   ] GC(6)   Pre Evacuate Collection Set: 0.22ms
[2026-02-11T00:17:06.993+0100][info][gc,phases   ] GC(6)   Merge Heap Roots: 2.57ms
[2026-02-11T00:17:06.993+0100][info][gc,phases   ] GC(6)   Evacuate Collection Set: 1.72ms
[2026-02-11T00:17:06.993+0100][info][gc,phases   ] GC(6)   Post Evacuate Collection Set: 0.30ms
[2026-02-11T00:17:06.993+0100][info][gc,phases   ] GC(6)   Other: 0.12ms
[2026-02-11T00:17:06.993+0100][info][gc,heap     ] GC(6) Eden regions: 163->0(786)
[2026-02-11T00:17:06.993+0100][info][gc,heap     ] GC(6) Survivor regions: 0->1(95)
[2026-02-11T00:17:06.993+0100][info][gc,heap     ] GC(6) Old regions: 37->8
[2026-02-11T00:17:06.993+0100][info][gc,heap     ] GC(6) Humongous regions: 1532->1150
[2026-02-11T00:17:06.993+0100][info][gc,metaspace] GC(6) Metaspace: 4015K(4160K)->4015K(4160K) NonClass: 3576K(3648K)->3576K(3648K) Class: 438K(512K)->438K(512K)
[2026-02-11T00:17:06.993+0100][info][gc          ] GC(6) Pause Young (Mixed) (G1 Humongous Allocation) 1730M->1157M(2048M) 5.195ms
[2026-02-11T00:17:06.993+0100][info][gc,cpu      ] GC(6) User=0.03s Sys=0.00s Real=0.01s
[2026-02-11T00:17:10.109+0100][info][gc,start    ] GC(7) Pause Young (Concurrent Start) (G1 Humongous Allocation)
[2026-02-11T00:17:10.109+0100][info][gc,task     ] GC(7) Using 8 workers of 8 for evacuation
[2026-02-11T00:17:10.113+0100][info][gc,phases   ] GC(7)   Pre Evacuate Collection Set: 0.28ms
[2026-02-11T00:17:10.113+0100][info][gc,phases   ] GC(7)   Merge Heap Roots: 2.67ms
[2026-02-11T00:17:10.113+0100][info][gc,phases   ] GC(7)   Evacuate Collection Set: 0.90ms
[2026-02-11T00:17:10.113+0100][info][gc,phases   ] GC(7)   Post Evacuate Collection Set: 0.22ms
[2026-02-11T00:17:10.113+0100][info][gc,phases   ] GC(7)   Other: 0.10ms
[2026-02-11T00:17:10.113+0100][info][gc,heap     ] GC(7) Eden regions: 95->0(786)
[2026-02-11T00:17:10.113+0100][info][gc,heap     ] GC(7) Survivor regions: 1->1(99)
[2026-02-11T00:17:10.113+0100][info][gc,heap     ] GC(7) Old regions: 8->8
[2026-02-11T00:17:10.113+0100][info][gc,heap     ] GC(7) Humongous regions: 1532->1150
[2026-02-11T00:17:10.113+0100][info][gc,metaspace] GC(7) Metaspace: 4015K(4160K)->4015K(4160K) NonClass: 3576K(3648K)->3576K(3648K) Class: 438K(512K)->438K(512K)
[2026-02-11T00:17:10.113+0100][info][gc          ] GC(7) Pause Young (Concurrent Start) (G1 Humongous Allocation) 1634M->1157M(2048M) 4.452ms
[2026-02-11T00:17:10.113+0100][info][gc,cpu      ] GC(7) User=0.02s Sys=0.01s Real=0.01s
[2026-02-11T00:17:10.113+0100][info][gc          ] GC(8) Concurrent Mark Cycle
[2026-02-11T00:17:10.113+0100][info][gc,marking  ] GC(8) Concurrent Scan Root Regions
[2026-02-11T00:17:10.114+0100][info][gc,marking  ] GC(8) Concurrent Scan Root Regions 0.120ms
[2026-02-11T00:17:10.114+0100][info][gc,marking  ] GC(8) Concurrent Mark
[2026-02-11T00:17:10.114+0100][info][gc,marking  ] GC(8) Concurrent Mark From Roots
[2026-02-11T00:17:10.114+0100][info][gc,task     ] GC(8) Using 2 workers of 2 for marking
[2026-02-11T00:17:10.118+0100][info][gc,marking  ] GC(8) Concurrent Mark From Roots 4.403ms
[2026-02-11T00:17:10.118+0100][info][gc,marking  ] GC(8) Concurrent Preclean
[2026-02-11T00:17:10.118+0100][info][gc,marking  ] GC(8) Concurrent Preclean 0.025ms
[2026-02-11T00:17:10.163+0100][info][gc,start    ] GC(8) Pause Remark
[2026-02-11T00:17:10.164+0100][info][gc          ] GC(8) Pause Remark 1539M->1157M(2048M) 0.915ms
[2026-02-11T00:17:10.164+0100][info][gc,cpu      ] GC(8) User=0.00s Sys=0.00s Real=0.00s
[2026-02-11T00:17:10.164+0100][info][gc,marking  ] GC(8) Concurrent Mark 50.493ms
[2026-02-11T00:17:10.164+0100][info][gc,marking  ] GC(8) Concurrent Rebuild Remembered Sets and Scrub Regions
[2026-02-11T00:17:10.165+0100][info][gc,marking  ] GC(8) Concurrent Rebuild Remembered Sets and Scrub Regions 1.357ms
[2026-02-11T00:17:10.166+0100][info][gc,start    ] GC(8) Pause Cleanup
[2026-02-11T00:17:10.166+0100][info][gc          ] GC(8) Pause Cleanup 1157M->1157M(2048M) 0.041ms
[2026-02-11T00:17:10.166+0100][info][gc,cpu      ] GC(8) User=0.00s Sys=0.00s Real=0.00s
[2026-02-11T00:17:10.166+0100][info][gc,marking  ] GC(8) Concurrent Clear Claimed Marks
[2026-02-11T00:17:10.166+0100][info][gc,marking  ] GC(8) Concurrent Clear Claimed Marks 0.014ms
[2026-02-11T00:17:10.166+0100][info][gc,marking  ] GC(8) Concurrent Cleanup for Next Mark
[2026-02-11T00:17:10.167+0100][info][gc,marking  ] GC(8) Concurrent Cleanup for Next Mark 1.081ms
[2026-02-11T00:17:10.167+0100][info][gc          ] GC(8) Concurrent Mark Cycle 53.315ms
[2026-02-11T00:17:13.266+0100][info][gc,exit     ] Heap
[2026-02-11T00:17:13.266+0100][info][gc,exit     ]  garbage-first heap   total reserved 2097152K, committed 2097152K, used 1283300K [0x0000000400000000, 0x0000000480000000)
[2026-02-11T00:17:13.266+0100][info][gc,exit     ]   region size 1024K, 97 young (99328K), 1 survivors (1024K)
[2026-02-11T00:17:13.266+0100][info][gc,exit     ]  Metaspace       used 4067K, committed 4224K, reserved 1114112K
[2026-02-11T00:17:13.266+0100][info][gc,exit     ]   class space    used 445K, committed 512K, reserved 1048576K
