[2026-02-11T00:15:33.941+0100][info][gc,init] CardTable entry size: 512
[2026-02-11T00:15:33.941+0100][info][gc     ] Using G1
[2026-02-11T00:15:33.943+0100][info][gc,init] Version: 25.0.2+10-LTS (release)
[2026-02-11T00:15:33.943+0100][info][gc,init] CPUs: 8 total, 8 available
[2026-02-11T00:15:33.943+0100][info][gc,init] Memory: 24576M
[2026-02-11T00:15:33.943+0100][info][gc,init] Large Page Support: Disabled
[2026-02-11T00:15:33.943+0100][info][gc,init] NUMA Support: Disabled
[2026-02-11T00:15:33.943+0100][info][gc,init] Compressed Oops: Enabled (Zero based)
[2026-02-11T00:15:33.943+0100][info][gc,init] Heap Region Size: 1M
[2026-02-11T00:15:33.943+0100][info][gc,init] Heap Min Capacity: 2G
[2026-02-11T00:15:33.943+0100][info][gc,init] Heap Initial Capacity: 2G
[2026-02-11T00:15:33.943+0100][info][gc,init] Heap Max Capacity: 2G
[2026-02-11T00:15:33.943+0100][info][gc,init] Pre-touch: Disabled
[2026-02-11T00:15:33.943+0100][info][gc,init] Parallel Workers: 8
[2026-02-11T00:15:33.943+0100][info][gc,init] Concurrent Workers: 2
[2026-02-11T00:15:33.943+0100][info][gc,init] Concurrent Refinement Workers: 8
[2026-02-11T00:15:33.943+0100][info][gc,init] Periodic GC: Disabled
[2026-02-11T00:15:33.946+0100][info][gc,metaspace] CDS archive(s) mapped at: [0x0000040000000000-0x0000040000d94000-0x0000040000d94000), size 14237696, SharedBaseAddress: 0x0000040000000000, ArchiveRelocationMode: 1.
[2026-02-11T00:15:33.946+0100][info][gc,metaspace] Compressed class space mapped at: 0x0000040001000000-0x0000040041000000, reserved size: 1073741824
[2026-02-11T00:15:33.946+0100][info][gc,metaspace] UseCompressedClassPointers 1, UseCompactObjectHeaders 0
[2026-02-11T00:15:33.946+0100][info][gc,metaspace] Narrow klass pointer bits 32, Max shift 3
[2026-02-11T00:15:33.946+0100][info][gc,metaspace] Narrow klass base: 0x0000040000000000, Narrow klass shift: 0
[2026-02-11T00:15:33.946+0100][info][gc,metaspace] Encoding Range: [0x0000040000000000 - 0x0000040100000000), (4294967296 bytes)
[2026-02-11T00:15:33.946+0100][info][gc,metaspace] Klass Range:    [0x0000040000004000 - 0x0000040041000000), (1090502656 bytes)
[2026-02-11T00:15:33.946+0100][info][gc,metaspace] Klass ID Range:  [16384 - 1090519033) (1090502649)
[2026-02-11T00:15:33.946+0100][info][gc,metaspace] Protection zone: [0x0000040000000000 - 0x0000040000004000), (16384 bytes)
[2026-02-11T00:15:47.943+0100][info][gc,start    ] GC(0) Pause Young (Concurrent Start) (G1 Humongous Allocation)
[2026-02-11T00:15:47.944+0100][info][gc,task     ] GC(0) Using 8 workers of 8 for evacuation
[2026-02-11T00:15:47.950+0100][info][gc,phases   ] GC(0)   Pre Evacuate Collection Set: 0.39ms
[2026-02-11T00:15:47.950+0100][info][gc,phases   ] GC(0)   Merge Heap Roots: 2.72ms
[2026-02-11T00:15:47.950+0100][info][gc,phases   ] GC(0)   Evacuate Collection Set: 2.02ms
[2026-02-11T00:15:47.950+0100][info][gc,phases   ] GC(0)   Post Evacuate Collection Set: 0.39ms
[2026-02-11T00:15:47.950+0100][info][gc,phases   ] GC(0)   Other: 0.54ms
[2026-02-11T00:15:47.950+0100][info][gc,heap     ] GC(0) Eden regions: 73->0(476)
[2026-02-11T00:15:47.950+0100][info][gc,heap     ] GC(0) Survivor regions: 0->4(13)
[2026-02-11T00:15:47.950+0100][info][gc,heap     ] GC(0) Old regions: 2->2
[2026-02-11T00:15:47.950+0100][info][gc,heap     ] GC(0) Humongous regions: 768->768
[2026-02-11T00:15:47.950+0100][info][gc,metaspace] GC(0) Metaspace: 3997K(4160K)->3997K(4160K) NonClass: 3559K(3648K)->3559K(3648K) Class: 437K(512K)->437K(512K)
[2026-02-11T00:15:47.950+0100][info][gc          ] GC(0) Pause Young (Concurrent Start) (G1 Humongous Allocation) 841M->773M(2048M) 6.565ms
[2026-02-11T00:15:47.950+0100][info][gc,cpu      ] GC(0) User=0.02s Sys=0.00s Real=0.01s
[2026-02-11T00:15:47.950+0100][info][gc          ] GC(1) Concurrent Undo Cycle
[2026-02-11T00:15:47.950+0100][info][gc,marking  ] GC(1) Concurrent Clear Claimed Marks
[2026-02-11T00:15:47.950+0100][info][gc,marking  ] GC(1) Concurrent Clear Claimed Marks 0.033ms
[2026-02-11T00:15:47.950+0100][info][gc,marking  ] GC(1) Concurrent Cleanup for Next Mark
[2026-02-11T00:15:47.950+0100][info][gc,marking  ] GC(1) Concurrent Cleanup for Next Mark 0.085ms
[2026-02-11T00:15:47.950+0100][info][gc          ] GC(1) Concurrent Undo Cycle 0.243ms
[2026-02-11T00:15:51.300+0100][info][gc,start    ] GC(2) Pause Young (Concurrent Start) (G1 Humongous Allocation)
[2026-02-11T00:15:51.301+0100][info][gc,task     ] GC(2) Using 8 workers of 8 for evacuation
[2026-02-11T00:15:51.306+0100][info][gc,phases   ] GC(2)   Pre Evacuate Collection Set: 0.28ms
[2026-02-11T00:15:51.306+0100][info][gc,phases   ] GC(2)   Merge Heap Roots: 3.24ms
[2026-02-11T00:15:51.306+0100][info][gc,phases   ] GC(2)   Evacuate Collection Set: 1.66ms
[2026-02-11T00:15:51.306+0100][info][gc,phases   ] GC(2)   Post Evacuate Collection Set: 0.36ms
[2026-02-11T00:15:51.306+0100][info][gc,phases   ] GC(2)   Other: 0.15ms
[2026-02-11T00:15:51.306+0100][info][gc,heap     ] GC(2) Eden regions: 49->0(707)
[2026-02-11T00:15:51.306+0100][info][gc,heap     ] GC(2) Survivor regions: 4->5(63)
[2026-02-11T00:15:51.306+0100][info][gc,heap     ] GC(2) Old regions: 2->2
[2026-02-11T00:15:51.306+0100][info][gc,heap     ] GC(2) Humongous regions: 1150->768
[2026-02-11T00:15:51.306+0100][info][gc,metaspace] GC(2) Metaspace: 3998K(4160K)->3998K(4160K) NonClass: 3560K(3648K)->3560K(3648K) Class: 437K(512K)->437K(512K)
[2026-02-11T00:15:51.306+0100][info][gc          ] GC(2) Pause Young (Concurrent Start) (G1 Humongous Allocation) 1203M->773M(2048M) 6.014ms
[2026-02-11T00:15:51.306+0100][info][gc,cpu      ] GC(2) User=0.03s Sys=0.00s Real=0.00s
[2026-02-11T00:15:51.306+0100][info][gc          ] GC(3) Concurrent Undo Cycle
[2026-02-11T00:15:51.307+0100][info][gc,marking  ] GC(3) Concurrent Clear Claimed Marks
[2026-02-11T00:15:51.307+0100][info][gc,marking  ] GC(3) Concurrent Clear Claimed Marks 0.022ms
[2026-02-11T00:15:51.307+0100][info][gc,marking  ] GC(3) Concurrent Cleanup for Next Mark
[2026-02-11T00:15:51.307+0100][info][gc,marking  ] GC(3) Concurrent Cleanup for Next Mark 0.073ms
[2026-02-11T00:15:51.307+0100][info][gc          ] GC(3) Concurrent Undo Cycle 0.214ms
[2026-02-11T00:15:54.417+0100][info][gc,start    ] GC(4) Pause Young (Concurrent Start) (G1 Humongous Allocation)
[2026-02-11T00:15:54.418+0100][info][gc,task     ] GC(4) Using 8 workers of 8 for evacuation
[2026-02-11T00:15:54.424+0100][info][gc,phases   ] GC(4)   Pre Evacuate Collection Set: 0.45ms
[2026-02-11T00:15:54.424+0100][info][gc,phases   ] GC(4)   Merge Heap Roots: 2.96ms
[2026-02-11T00:15:54.424+0100][info][gc,phases   ] GC(4)   Evacuate Collection Set: 1.77ms
[2026-02-11T00:15:54.424+0100][info][gc,phases   ] GC(4)   Post Evacuate Collection Set: 0.31ms
[2026-02-11T00:15:54.424+0100][info][gc,phases   ] GC(4)   Other: 0.11ms
[2026-02-11T00:15:54.424+0100][info][gc,heap     ] GC(4) Eden regions: 49->0(808)
[2026-02-11T00:15:54.424+0100][info][gc,heap     ] GC(4) Survivor regions: 5->5(89)
[2026-02-11T00:15:54.424+0100][info][gc,heap     ] GC(4) Old regions: 2->2
[2026-02-11T00:15:54.424+0100][info][gc,heap     ] GC(4) Humongous regions: 1150->768
[2026-02-11T00:15:54.424+0100][info][gc,metaspace] GC(4) Metaspace: 4002K(4160K)->4002K(4160K) NonClass: 3564K(3648K)->3564K(3648K) Class: 438K(512K)->438K(512K)
[2026-02-11T00:15:54.424+0100][info][gc          ] GC(4) Pause Young (Concurrent Start) (G1 Humongous Allocation) 1203M->773M(2048M) 6.451ms
[2026-02-11T00:15:54.424+0100][info][gc,cpu      ] GC(4) User=0.03s Sys=0.01s Real=0.01s
[2026-02-11T00:15:54.424+0100][info][gc          ] GC(5) Concurrent Undo Cycle
[2026-02-11T00:15:54.424+0100][info][gc,marking  ] GC(5) Concurrent Clear Claimed Marks
[2026-02-11T00:15:54.424+0100][info][gc,marking  ] GC(5) Concurrent Clear Claimed Marks 0.020ms
[2026-02-11T00:15:54.424+0100][info][gc,marking  ] GC(5) Concurrent Cleanup for Next Mark
[2026-02-11T00:15:54.424+0100][info][gc,marking  ] GC(5) Concurrent Cleanup for Next Mark 0.065ms
[2026-02-11T00:15:54.424+0100][info][gc          ] GC(5) Concurrent Undo Cycle 0.224ms
[2026-02-11T00:15:57.794+0100][info][gc,start    ] GC(6) Pause Young (Concurrent Start) (G1 Humongous Allocation)
[2026-02-11T00:15:57.794+0100][info][gc,task     ] GC(6) Using 8 workers of 8 for evacuation
[2026-02-11T00:15:57.800+0100][info][gc,phases   ] GC(6)   Pre Evacuate Collection Set: 0.50ms
[2026-02-11T00:15:57.800+0100][info][gc,phases   ] GC(6)   Merge Heap Roots: 3.06ms
[2026-02-11T00:15:57.800+0100][info][gc,phases   ] GC(6)   Evacuate Collection Set: 1.46ms
[2026-02-11T00:15:57.800+0100][info][gc,phases   ] GC(6)   Post Evacuate Collection Set: 0.35ms
[2026-02-11T00:15:57.800+0100][info][gc,phases   ] GC(6)   Other: 0.13ms
[2026-02-11T00:15:57.800+0100][info][gc,heap     ] GC(6) Eden regions: 48->0(876)
[2026-02-11T00:15:57.800+0100][info][gc,heap     ] GC(6) Survivor regions: 5->5(102)
[2026-02-11T00:15:57.800+0100][info][gc,heap     ] GC(6) Old regions: 2->2
[2026-02-11T00:15:57.800+0100][info][gc,heap     ] GC(6) Humongous regions: 1150->768
[2026-02-11T00:15:57.800+0100][info][gc,metaspace] GC(6) Metaspace: 4002K(4160K)->4002K(4160K) NonClass: 3564K(3648K)->3564K(3648K) Class: 438K(512K)->438K(512K)
[2026-02-11T00:15:57.800+0100][info][gc          ] GC(6) Pause Young (Concurrent Start) (G1 Humongous Allocation) 1203M->773M(2048M) 5.810ms
[2026-02-11T00:15:57.800+0100][info][gc,cpu      ] GC(6) User=0.03s Sys=0.00s Real=0.01s
[2026-02-11T00:15:57.800+0100][info][gc          ] GC(7) Concurrent Undo Cycle
[2026-02-11T00:15:57.800+0100][info][gc,marking  ] GC(7) Concurrent Clear Claimed Marks
[2026-02-11T00:15:57.800+0100][info][gc,marking  ] GC(7) Concurrent Clear Claimed Marks 0.019ms
[2026-02-11T00:15:57.800+0100][info][gc,marking  ] GC(7) Concurrent Cleanup for Next Mark
[2026-02-11T00:15:57.800+0100][info][gc,marking  ] GC(7) Concurrent Cleanup for Next Mark 0.065ms
[2026-02-11T00:15:57.800+0100][info][gc          ] GC(7) Concurrent Undo Cycle 0.189ms
[2026-02-11T00:16:01.255+0100][info][gc,start    ] GC(8) Pause Young (Concurrent Start) (G1 Humongous Allocation)
[2026-02-11T00:16:01.255+0100][info][gc,task     ] GC(8) Using 8 workers of 8 for evacuation
[2026-02-11T00:16:01.260+0100][info][gc,phases   ] GC(8)   Pre Evacuate Collection Set: 0.35ms
[2026-02-11T00:16:01.260+0100][info][gc,phases   ] GC(8)   Merge Heap Roots: 2.63ms
[2026-02-11T00:16:01.260+0100][info][gc,phases   ] GC(8)   Evacuate Collection Set: 1.51ms
[2026-02-11T00:16:01.260+0100][info][gc,phases   ] GC(8)   Post Evacuate Collection Set: 0.33ms
[2026-02-11T00:16:01.260+0100][info][gc,phases   ] GC(8)   Other: 0.11ms
[2026-02-11T00:16:01.260+0100][info][gc,heap     ] GC(8) Eden regions: 48->0(939)
[2026-02-11T00:16:01.260+0100][info][gc,heap     ] GC(8) Survivor regions: 5->5(111)
[2026-02-11T00:16:01.260+0100][info][gc,heap     ] GC(8) Old regions: 2->2
[2026-02-11T00:16:01.260+0100][info][gc,heap     ] GC(8) Humongous regions: 1150->768
[2026-02-11T00:16:01.260+0100][info][gc,metaspace] GC(8) Metaspace: 4013K(4160K)->4013K(4160K) NonClass: 3575K(3648K)->3575K(3648K) Class: 438K(512K)->438K(512K)
[2026-02-11T00:16:01.260+0100][info][gc          ] GC(8) Pause Young (Concurrent Start) (G1 Humongous Allocation) 1203M->773M(2048M) 5.225ms
[2026-02-11T00:16:01.260+0100][info][gc,cpu      ] GC(8) User=0.03s Sys=0.01s Real=0.01s
[2026-02-11T00:16:01.260+0100][info][gc          ] GC(9) Concurrent Undo Cycle
[2026-02-11T00:16:01.260+0100][info][gc,marking  ] GC(9) Concurrent Clear Claimed Marks
[2026-02-11T00:16:01.261+0100][info][gc,marking  ] GC(9) Concurrent Clear Claimed Marks 0.019ms
[2026-02-11T00:16:01.261+0100][info][gc,marking  ] GC(9) Concurrent Cleanup for Next Mark
[2026-02-11T00:16:01.261+0100][info][gc,marking  ] GC(9) Concurrent Cleanup for Next Mark 0.067ms
[2026-02-11T00:16:01.261+0100][info][gc          ] GC(9) Concurrent Undo Cycle 0.183ms
[2026-02-11T00:16:04.358+0100][info][gc,start    ] GC(10) Pause Young (Concurrent Start) (G1 Humongous Allocation)
[2026-02-11T00:16:04.358+0100][info][gc,task     ] GC(10) Using 8 workers of 8 for evacuation
[2026-02-11T00:16:04.364+0100][info][gc,phases   ] GC(10)   Pre Evacuate Collection Set: 0.38ms
[2026-02-11T00:16:04.364+0100][info][gc,phases   ] GC(10)   Merge Heap Roots: 2.99ms
[2026-02-11T00:16:04.364+0100][info][gc,phases   ] GC(10)   Evacuate Collection Set: 1.44ms
[2026-02-11T00:16:04.364+0100][info][gc,phases   ] GC(10)   Post Evacuate Collection Set: 0.35ms
[2026-02-11T00:16:04.364+0100][info][gc,phases   ] GC(10)   Other: 0.10ms
[2026-02-11T00:16:04.364+0100][info][gc,heap     ] GC(10) Eden regions: 48->0(995)
[2026-02-11T00:16:04.364+0100][info][gc,heap     ] GC(10) Survivor regions: 5->5(118)
[2026-02-11T00:16:04.364+0100][info][gc,heap     ] GC(10) Old regions: 2->2
[2026-02-11T00:16:04.364+0100][info][gc,heap     ] GC(10) Humongous regions: 1150->768
[2026-02-11T00:16:04.364+0100][info][gc,metaspace] GC(10) Metaspace: 4021K(4160K)->4021K(4160K) NonClass: 3583K(3648K)->3583K(3648K) Class: 438K(512K)->438K(512K)
[2026-02-11T00:16:04.364+0100][info][gc          ] GC(10) Pause Young (Concurrent Start) (G1 Humongous Allocation) 1203M->773M(2048M) 5.587ms
[2026-02-11T00:16:04.364+0100][info][gc,cpu      ] GC(10) User=0.03s Sys=0.00s Real=0.01s
[2026-02-11T00:16:04.364+0100][info][gc          ] GC(11) Concurrent Undo Cycle
[2026-02-11T00:16:04.364+0100][info][gc,marking  ] GC(11) Concurrent Clear Claimed Marks
[2026-02-11T00:16:04.364+0100][info][gc,marking  ] GC(11) Concurrent Clear Claimed Marks 0.018ms
[2026-02-11T00:16:04.364+0100][info][gc,marking  ] GC(11) Concurrent Cleanup for Next Mark
[2026-02-11T00:16:04.364+0100][info][gc,marking  ] GC(11) Concurrent Cleanup for Next Mark 0.055ms
[2026-02-11T00:16:04.364+0100][info][gc          ] GC(11) Concurrent Undo Cycle 0.163ms
[2026-02-11T00:16:07.456+0100][info][gc,exit     ] Heap
[2026-02-11T00:16:07.456+0100][info][gc,exit     ]  garbage-first heap   total reserved 2097152K, committed 2097152K, used 1234757K [0x0000000400000000, 0x0000000480000000)
[2026-02-11T00:16:07.456+0100][info][gc,exit     ]   region size 1024K, 56 young (57344K), 5 survivors (5120K)
[2026-02-11T00:16:07.456+0100][info][gc,exit     ]  Metaspace       used 4089K, committed 4224K, reserved 1114112K
[2026-02-11T00:16:07.456+0100][info][gc,exit     ]   class space    used 449K, committed 512K, reserved 1048576K
